// Jest Snapshot v1, https://goo.gl/fbAQLP

exports[`Pruebas en <RealExampleRef /> debe mostrarse correctamente 1`] = `
<Fragment>
  <h1>
    RealExampleRef
  </h1>
  <hr />
  <button
    className="btn btn-danger"
    onClick={[Function]}
  >
    Show
  </button>
</Fragment>
`;
